#
# There is insufficient memory for the Java Runtime Environment to continue.
# Native memory allocation (mmap) failed to map 48234496 bytes. Error detail: G1 virtual space
# Possible reasons:
#   The system is out of physical RAM or swap space
#   This process is running with CompressedOops enabled, and the Java Heap may be blocking the growth of the native heap
# Possible solutions:
#   Reduce memory load on the system
#   Increase physical memory or swap space
#   Check if swap backing store is full
#   Decrease Java heap size (-Xmx/-Xms)
#   Decrease number of Java threads
#   Decrease Java thread stack sizes (-Xss)
#   Set larger code cache with -XX:ReservedCodeCacheSize=
#   JVM is running with Unscaled Compressed Oops mode in which the Java heap is
#     placed in the first 4GB address space. The Java Heap base address is the
#     maximum limit for the native heap growth. Please use -XX:HeapBaseMinAddress
#     to set the Java Heap base and to place the Java Heap above 4GB virtual address.
# This output file may be truncated or incomplete.
#
#  Out of Memory Error (os_windows.cpp:3554), pid=3976, tid=4932
#
# JRE version: OpenJDK Runtime Environment Temurin-25.0.3+9 (25.0.3+9) (build 25.0.3+9-LTS)
# Java VM: OpenJDK 64-Bit Server VM Temurin-25.0.3+9 (25.0.3+9-LTS, mixed mode, sharing, tiered, compressed oops, compressed class ptrs, g1 gc, windows-amd64)
# No core dump will be written. Minidumps are not enabled by default on client versions of Windows
#

---------------  S U M M A R Y ------------

Command Line: org.jetbrains.kotlin.cli.jvm.K2JVMCompiler @C:\flutter\packages\flutter_tools\gradle\build\20260727_3151597216649399773.compiler.options

Host: Intel(R) Celeron(R) N4000 CPU @ 1.10GHz, 2 cores, 3G,  Windows 10 , 64 bit Build 19041 (10.0.19041.5915)
Time: Mon Jul 27 19:14:01 2026 elapsed time: 14.855669 seconds (0d 0h 0m 14s)

---------------  T H R E A D  ---------------

Current thread (0x00000230fe6cf840):  VMThread "VM Thread"          [id=4932, stack(0x00000051d9d00000,0x00000051d9e00000) (1024K)]

Stack: [0x00000051d9d00000,0x00000051d9e00000]
Native frames: (J=compiled Java code, j=interpreted, Vv=VM code, C=native code)
V  [jvm.dll+0x7aa709]  (no source info available)
V  [jvm.dll+0x7749ed]  (no source info available)
V  [jvm.dll+0x9f7433]  (no source info available)
V  [jvm.dll+0x9f9a21]  (no source info available)
V  [jvm.dll+0x9fa133]  (no source info available)
V  [jvm.dll+0x2fd266]  (no source info available)
V  [jvm.dll+0x7a6935]  (no source info available)
V  [jvm.dll+0x799d87]  (no source info available)
V  [jvm.dll+0x3f5d88]  (no source info available)
V  [jvm.dll+0x3fdcf6]  (no source info available)
V  [jvm.dll+0x3ea45e]  (no source info available)
V  [jvm.dll+0x3ea718]  (no source info available)
V  [jvm.dll+0x3c1575]  (no source info available)
V  [jvm.dll+0x3c160a]  (no source info available)
V  [jvm.dll+0x40ead6]  (no source info available)
V  [jvm.dll+0x40d3e8]  (no source info available)
V  [jvm.dll+0x3c0ca7]  (no source info available)
V  [jvm.dll+0x40c7cf]  (no source info available)
V  [jvm.dll+0xa00382]  (no source info available)
V  [jvm.dll+0xa016a1]  (no source info available)
V  [jvm.dll+0xa01c18]  (no source info available)
V  [jvm.dll+0xa01eb3]  (no source info available)
V  [jvm.dll+0x99894d]  (no source info available)
V  [jvm.dll+0x7a8ce5]  (no source info available)
C  [ucrtbase.dll+0x21bb2]  (no source info available)
C  [KERNEL32.DLL+0x17374]  (no source info available)
C  [ntdll.dll+0x4cc91]  (no source info available)

VM_Operation (0x00000051d96f8918): G1CollectForAllocation, mode: safepoint, requested by thread 0x00000230f264c4b0


---------------  P R O C E S S  ---------------

Threads class SMR info:
_java_thread_list=0x00000230fe79c910, length=11, elements={
0x00000230f264c4b0, 0x00000230fe6e1ff0, 0x00000230fe6e2fd0, 0x00000230fe6e4cf0,
0x00000230fe6e58b0, 0x00000230fe6e6470, 0x00000230fe6e7030, 0x00000230fe6e7f20,
0x00000230fe6eaf80, 0x00000230fe79f440, 0x00000230fe7ac080
}

Java Threads: ( => current thread )
  0x00000230f264c4b0 JavaThread "main"                              [_thread_blocked, id=244, stack(0x00000051d9600000,0x00000051d9700000) (1024K)]
  0x00000230fe6e1ff0 JavaThread "Reference Handler"          daemon [_thread_blocked, id=7536, stack(0x00000051d9e00000,0x00000051d9f00000) (1024K)]
  0x00000230fe6e2fd0 JavaThread "Finalizer"                  daemon [_thread_blocked, id=8868, stack(0x00000051d9f00000,0x00000051da000000) (1024K)]
  0x00000230fe6e4cf0 JavaThread "Signal Dispatcher"          daemon [_thread_blocked, id=1476, stack(0x00000051da000000,0x00000051da100000) (1024K)]
  0x00000230fe6e58b0 JavaThread "Attach Listener"            daemon [_thread_blocked, id=10716, stack(0x00000051da100000,0x00000051da200000) (1024K)]
  0x00000230fe6e6470 JavaThread "Service Thread"             daemon [_thread_blocked, id=9016, stack(0x00000051da200000,0x00000051da300000) (1024K)]
  0x00000230fe6e7030 JavaThread "Monitor Deflation Thread"   daemon [_thread_blocked, id=7320, stack(0x00000051da300000,0x00000051da400000) (1024K)]
  0x00000230fe6e7f20 JavaThread "C2 CompilerThread0"         daemon [_thread_blocked, id=5572, stack(0x00000051da400000,0x00000051da500000) (1024K)]
  0x00000230fe6eaf80 JavaThread "C1 CompilerThread0"         daemon [_thread_blocked, id=2348, stack(0x00000051da500000,0x00000051da600000) (1024K)]
  0x00000230fe79f440 JavaThread "Notification Thread"        daemon [_thread_blocked, id=9672, stack(0x00000051da600000,0x00000051da700000) (1024K)]
  0x00000230fe7ac080 JavaThread "Common-Cleaner"             daemon [_thread_blocked, id=7072, stack(0x00000051da700000,0x00000051da800000) (1024K)]
Total: 11

Other Threads:
=>0x00000230fe6cf840 VMThread "VM Thread"                           [id=4932, stack(0x00000051d9d00000,0x00000051d9e00000) (1024K)]
  0x00000230fe6cca00 WatcherThread "VM Periodic Task Thread"        [id=10844, stack(0x00000051d9c00000,0x00000051d9d00000) (1024K)]
  0x00000230f48d13e0 WorkerThread "GC Thread#0"                     [id=9676, stack(0x00000051d9700000,0x00000051d9800000) (1024K)]
  0x0000023091ac1280 WorkerThread "GC Thread#1"                     [id=7036, stack(0x00000051da800000,0x00000051da900000) (1024K)]
  0x00000230f48ddc70 ConcurrentGCThread "G1 Main Marker"            [id=1192, stack(0x00000051d9800000,0x00000051d9900000) (1024K)]
  0x00000230f48de990 WorkerThread "G1 Conc#0"                       [id=1124, stack(0x00000051d9900000,0x00000051d9a00000) (1024K)]
  0x00000230f48f6600 ConcurrentGCThread "G1 Refine#0"               [id=7688, stack(0x00000051d9a00000,0x00000051d9b00000) (1024K)]
  0x00000230f48f73a0 ConcurrentGCThread "G1 Service"                [id=4120, stack(0x00000051d9b00000,0x00000051d9c00000) (1024K)]
Total: 8

Threads with active compile tasks:
Total: 0

VM state: at safepoint (normal execution)

VM Mutex/Monitor currently owned by a thread:  ([mutex/lock_event])
[0x00007ffcf00996a8] Threads_lock - owner thread: 0x00000230fe6cf840
[0x00007ffcf0099828] Heap_lock - owner thread: 0x00000230f264c4b0

Heap address: 0x00000000c2c00000, size: 980 MB, Compressed Oops mode: 32-bit

CDS archive(s) mapped at: [0x0000000038000000-0x0000000038dd0000-0x0000000038dd0000), size 14483456, SharedBaseAddress: 0x0000000038000000, ArchiveRelocationMode: 1.
Compressed class space mapped at: 0x0000000039000000-0x0000000079000000, reserved size: 1073741824
UseCompressedClassPointers 1, UseCompactObjectHeaders 0
Narrow klass pointer bits 32, Max shift 3
Narrow klass base: 0x0000000038000000, Narrow klass shift: 0
Encoding Range: [0x0000000038000000 - 0x0000000138000000), (4294967296 bytes)
Klass Range:    [0x0000000038010000 - 0x0000000079000000), (1090453504 bytes)
Klass ID Range:  [65536 - 1090519033) (1090453497)
Protection zone: [0x0000000038000000 - 0x0000000038010000), (65536 bytes)

GC Precious Log:
 CardTable entry size: 512
 Card Set container configuration: InlinePtr #cards 5 size 8 Array Of Cards #cards 10 size 36 Howl #buckets 4 coarsen threshold 1843 Howl Bitmap #cards 512 size 80 coarsen threshold 460 Card regions per heap region 1 cards per card region 2048
 CPUs: 2 total, 2 available
 Memory: 3919M
 Large Page Support: Disabled
 NUMA Support: Disabled
 Compressed Oops: Enabled (32-bit)
 Heap Region Size: 1M
 Heap Min Capacity: 8M
 Heap Initial Capacity: 62M
 Heap Max Capacity: 980M
 Pre-touch: Disabled
 Parallel Workers: 2
 Concurrent Workers: 1
 Concurrent Refinement Workers: 2
 Periodic GC: Disabled

Heap:
 garbage-first heap   total reserved 1003520K, committed 102400K, used 69120K [0x00000000c2c00000, 0x0000000100000000)
  region size 1024K, 2 young (2048K), 2 survivors (2048K)

Heap Regions: E=young(eden), S=young(survivor), O=old, HS=humongous(starts), HC=humongous(continues), CS=collection set, F=free, TAMS=top-at-mark-start, PB=parsable bottom
|   0|0x00000000c2c00000, 0x00000000c2d00000, 0x00000000c2d00000|100%|HS|  |TAMS 0x00000000c2d00000| PB 0x00000000c2c00000| Complete |  0
|   1|0x00000000c2d00000, 0x00000000c2e00000, 0x00000000c2e00000|100%|HC|  |TAMS 0x00000000c2e00000| PB 0x00000000c2d00000| Complete |  0
|   2|0x00000000c2e00000, 0x00000000c2f00000, 0x00000000c2f00000|100%|HC|  |TAMS 0x00000000c2f00000| PB 0x00000000c2e00000| Complete |  0
|   3|0x00000000c2f00000, 0x00000000c3000000, 0x00000000c3000000|100%|HC|  |TAMS 0x00000000c3000000| PB 0x00000000c2f00000| Complete |  0
|   4|0x00000000c3000000, 0x00000000c3100000, 0x00000000c3100000|100%| O|  |TAMS 0x00000000c3100000| PB 0x00000000c3000000| Untracked |  0
|   5|0x00000000c3100000, 0x00000000c3200000, 0x00000000c3200000|100%| O|  |TAMS 0x00000000c3200000| PB 0x00000000c3100000| Untracked |  0
|   6|0x00000000c3200000, 0x00000000c3300000, 0x00000000c3300000|100%| O|  |TAMS 0x00000000c3300000| PB 0x00000000c3200000| Untracked |  0
|   7|0x00000000c3300000, 0x00000000c3400000, 0x00000000c3400000|100%| O|  |TAMS 0x00000000c3400000| PB 0x00000000c3300000| Untracked |  0
|   8|0x00000000c3400000, 0x00000000c3500000, 0x00000000c3500000|100%| O|  |TAMS 0x00000000c3500000| PB 0x00000000c3400000| Untracked |  0
|   9|0x00000000c3500000, 0x00000000c3600000, 0x00000000c3600000|100%| O|  |TAMS 0x00000000c3600000| PB 0x00000000c3500000| Untracked |  0
|  10|0x00000000c3600000, 0x00000000c3700000, 0x00000000c3700000|100%| O|  |TAMS 0x00000000c3700000| PB 0x00000000c3600000| Untracked |  0
|  11|0x00000000c3700000, 0x00000000c3800000, 0x00000000c3800000|100%| O|  |TAMS 0x00000000c3800000| PB 0x00000000c3700000| Untracked |  0
|  12|0x00000000c3800000, 0x00000000c3900000, 0x00000000c3900000|100%| O|  |TAMS 0x00000000c3900000| PB 0x00000000c3800000| Untracked |  0
|  13|0x00000000c3900000, 0x00000000c3a00000, 0x00000000c3a00000|100%| O|  |TAMS 0x00000000c3a00000| PB 0x00000000c3900000| Untracked |  0
|  14|0x00000000c3a00000, 0x00000000c3b00000, 0x00000000c3b00000|100%| O|  |TAMS 0x00000000c3b00000| PB 0x00000000c3a00000| Untracked |  0
|  15|0x00000000c3b00000, 0x00000000c3c00000, 0x00000000c3c00000|100%| O|  |TAMS 0x00000000c3c00000| PB 0x00000000c3b00000| Untracked |  0
|  16|0x00000000c3c00000, 0x00000000c3d00000, 0x00000000c3d00000|100%| O|  |TAMS 0x00000000c3d00000| PB 0x00000000c3c00000| Untracked |  0
|  17|0x00000000c3d00000, 0x00000000c3e00000, 0x00000000c3e00000|100%| O|  |TAMS 0x00000000c3e00000| PB 0x00000000c3d00000| Untracked |  0
|  18|0x00000000c3e00000, 0x00000000c3f00000, 0x00000000c3f00000|100%| O|  |TAMS 0x00000000c3f00000| PB 0x00000000c3e00000| Untracked |  0
|  19|0x00000000c3f00000, 0x00000000c4000000, 0x00000000c4000000|100%| O|  |TAMS 0x00000000c4000000| PB 0x00000000c3f00000| Untracked |  0
|  20|0x00000000c4000000, 0x00000000c4100000, 0x00000000c4100000|100%| O|  |TAMS 0x00000000c4100000| PB 0x00000000c4000000| Untracked |  0
|  21|0x00000000c4100000, 0x00000000c4200000, 0x00000000c4200000|100%| O|  |TAMS 0x00000000c4200000| PB 0x00000000c4100000| Untracked |  0
|  22|0x00000000c4200000, 0x00000000c4300000, 0x00000000c4300000|100%| O|  |TAMS 0x00000000c4300000| PB 0x00000000c4200000| Untracked |  0
|  23|0x00000000c4300000, 0x00000000c4400000, 0x00000000c4400000|100%| O|  |TAMS 0x00000000c4400000| PB 0x00000000c4300000| Untracked |  0
|  24|0x00000000c4400000, 0x00000000c4500000, 0x00000000c4500000|100%| O|  |TAMS 0x00000000c4500000| PB 0x00000000c4400000| Untracked |  0
|  25|0x00000000c4500000, 0x00000000c4600000, 0x00000000c4600000|100%| O|  |TAMS 0x00000000c4600000| PB 0x00000000c4500000| Untracked |  0
|  26|0x00000000c4600000, 0x00000000c4700000, 0x00000000c4700000|100%| O|  |TAMS 0x00000000c4700000| PB 0x00000000c4600000| Untracked |  0
|  27|0x00000000c4700000, 0x00000000c4800000, 0x00000000c4800000|100%| O|  |TAMS 0x00000000c4800000| PB 0x00000000c4700000| Untracked |  0
|  28|0x00000000c4800000, 0x00000000c4900000, 0x00000000c4900000|100%| O|  |TAMS 0x00000000c4900000| PB 0x00000000c4800000| Untracked |  0
|  29|0x00000000c4900000, 0x00000000c4a00000, 0x00000000c4a00000|100%| O|  |TAMS 0x00000000c4a00000| PB 0x00000000c4900000| Untracked |  0
|  30|0x00000000c4a00000, 0x00000000c4b00000, 0x00000000c4b00000|100%| O|  |TAMS 0x00000000c4b00000| PB 0x00000000c4a00000| Untracked |  0
|  31|0x00000000c4b00000, 0x00000000c4c00000, 0x00000000c4c00000|100%| O|  |TAMS 0x00000000c4c00000| PB 0x00000000c4b00000| Untracked |  0
|  32|0x00000000c4c00000, 0x00000000c4d00000, 0x00000000c4d00000|100%| O|  |TAMS 0x00000000c4d00000| PB 0x00000000c4c00000| Untracked |  0
|  33|0x00000000c4d00000, 0x00000000c4e00000, 0x00000000c4e00000|100%| O|  |TAMS 0x00000000c4e00000| PB 0x00000000c4d00000| Untracked |  0
|  34|0x00000000c4e00000, 0x00000000c4f00000, 0x00000000c4f00000|100%| O|  |TAMS 0x00000000c4f00000| PB 0x00000000c4e00000| Untracked |  0
|  35|0x00000000c4f00000, 0x00000000c5000000, 0x00000000c5000000|100%| O|  |TAMS 0x00000000c5000000| PB 0x00000000c4f00000| Untracked |  0
|  36|0x00000000c5000000, 0x00000000c5100000, 0x00000000c5100000|100%| O|  |TAMS 0x00000000c5000000| PB 0x00000000c5000000| Untracked |  0
|  37|0x00000000c5100000, 0x00000000c5200000, 0x00000000c5200000|100%| O|  |TAMS 0x00000000c5200000| PB 0x00000000c5100000| Untracked |  0
|  38|0x00000000c5200000, 0x00000000c5300000, 0x00000000c5300000|100%| O|  |TAMS 0x00000000c5300000| PB 0x00000000c5200000| Untracked |  0
|  39|0x00000000c5300000, 0x00000000c5400000, 0x00000000c5400000|100%| O|  |TAMS 0x00000000c5400000| PB 0x00000000c5300000| Untracked |  0
|  40|0x00000000c5400000, 0x00000000c5500000, 0x00000000c5500000|100%| O|  |TAMS 0x00000000c5500000| PB 0x00000000c5400000| Untracked |  0
|  41|0x00000000c5500000, 0x00000000c5600000, 0x00000000c5600000|100%| O|  |TAMS 0x00000000c5600000| PB 0x00000000c5500000| Untracked |  0
|  42|0x00000000c5600000, 0x00000000c5700000, 0x00000000c5700000|100%| O|  |TAMS 0x00000000c5600000| PB 0x00000000c5600000| Untracked |  0
|  43|0x00000000c5700000, 0x00000000c5800000, 0x00000000c5800000|100%| O|  |TAMS 0x00000000c5800000| PB 0x00000000c5700000| Untracked |  0
|  44|0x00000000c5800000, 0x00000000c5900000, 0x00000000c5900000|100%| O|  |TAMS 0x00000000c5900000| PB 0x00000000c5800000| Untracked |  0
|  45|0x00000000c5900000, 0x00000000c5a00000, 0x00000000c5a00000|100%| O|  |TAMS 0x00000000c5a00000| PB 0x00000000c5900000| Untracked |  0
|  46|0x00000000c5a00000, 0x00000000c5b00000, 0x00000000c5b00000|100%| O|  |TAMS 0x00000000c5b00000| PB 0x00000000c5a00000| Untracked |  0
|  47|0x00000000c5b00000, 0x00000000c5c00000, 0x00000000c5c00000|100%|HS|  |TAMS 0x00000000c5c00000| PB 0x00000000c5b00000| Complete |  0
|  48|0x00000000c5c00000, 0x00000000c5d00000, 0x00000000c5d00000|100%| O|  |TAMS 0x00000000c5d00000| PB 0x00000000c5c00000| Untracked |  0
|  49|0x00000000c5d00000, 0x00000000c5e00000, 0x00000000c5e00000|100%| O|  |TAMS 0x00000000c5e00000| PB 0x00000000c5d00000| Untracked |  0
|  50|0x00000000c5e00000, 0x00000000c5f00000, 0x00000000c5f00000|100%| O|  |TAMS 0x00000000c5f00000| PB 0x00000000c5e00000| Untracked |  0
|  51|0x00000000c5f00000, 0x00000000c6000000, 0x00000000c6000000|100%| O|  |TAMS 0x00000000c6000000| PB 0x00000000c5f00000| Untracked |  0
|  52|0x00000000c6000000, 0x00000000c6100000, 0x00000000c6100000|100%| O|  |TAMS 0x00000000c6100000| PB 0x00000000c6000000| Untracked |  0
|  53|0x00000000c6100000, 0x00000000c6200000, 0x00000000c6200000|100%| O|  |TAMS 0x00000000c6200000| PB 0x00000000c6100000| Untracked |  0
|  54|0x00000000c6200000, 0x00000000c6300000, 0x00000000c6300000|100%| O|  |TAMS 0x00000000c6300000| PB 0x00000000c6200000| Untracked |  0
|  55|0x00000000c6300000, 0x00000000c6400000, 0x00000000c6400000|100%| O|  |TAMS 0x00000000c6400000| PB 0x00000000c6300000| Untracked |  0
|  56|0x00000000c6400000, 0x00000000c6500000, 0x00000000c6500000|100%| O|  |TAMS 0x00000000c6500000| PB 0x00000000c6400000| Untracked |  0
|  57|0x00000000c6500000, 0x00000000c6600000, 0x00000000c6600000|100%| O|  |TAMS 0x00000000c6600000| PB 0x00000000c6500000| Untracked |  0
|  58|0x00000000c6600000, 0x00000000c6700000, 0x00000000c6700000|100%| O|  |TAMS 0x00000000c6700000| PB 0x00000000c6600000| Untracked |  0
|  59|0x00000000c6700000, 0x00000000c6800000, 0x00000000c6800000|100%| O|  |TAMS 0x00000000c6800000| PB 0x00000000c6700000| Untracked |  0
|  60|0x00000000c6800000, 0x00000000c6900000, 0x00000000c6900000|100%| O|  |TAMS 0x00000000c6900000| PB 0x00000000c6800000| Untracked |  0
|  61|0x00000000c6900000, 0x00000000c6a00000, 0x00000000c6a00000|100%| O|  |TAMS 0x00000000c6900000| PB 0x00000000c6900000| Untracked |  0
|  62|0x00000000c6a00000, 0x00000000c6b00000, 0x00000000c6b00000|100%| O|  |TAMS 0x00000000c6a00000| PB 0x00000000c6a00000| Untracked |  0
|  63|0x00000000c6b00000, 0x00000000c6b80000, 0x00000000c6c00000| 50%| O|  |TAMS 0x00000000c6b00000| PB 0x00000000c6b00000| Untracked |  0
|  64|0x00000000c6c00000, 0x00000000c6c00000, 0x00000000c6d00000|  0%| F|  |TAMS 0x00000000c6c00000| PB 0x00000000c6c00000| Untracked |  0
|  65|0x00000000c6d00000, 0x00000000c6d00000, 0x00000000c6e00000|  0%| F|  |TAMS 0x00000000c6d00000| PB 0x00000000c6d00000| Untracked |  0
|  66|0x00000000c6e00000, 0x00000000c6e00000, 0x00000000c6f00000|  0%| F|  |TAMS 0x00000000c6e00000| PB 0x00000000c6e00000| Untracked |  0
|  67|0x00000000c6f00000, 0x00000000c6f00000, 0x00000000c7000000|  0%| F|  |TAMS 0x00000000c6f00000| PB 0x00000000c6f00000| Untracked |  0
|  68|0x00000000c7000000, 0x00000000c7000000, 0x00000000c7100000|  0%| F|  |TAMS 0x00000000c7000000| PB 0x00000000c7000000| Untracked |  0
|  69|0x00000000c7100000, 0x00000000c7100000, 0x00000000c7200000|  0%| F|  |TAMS 0x00000000c7100000| PB 0x00000000c7100000| Untracked |  0
|  70|0x00000000c7200000, 0x00000000c7200000, 0x00000000c7300000|  0%| F|  |TAMS 0x00000000c7200000| PB 0x00000000c7200000| Untracked |  0
|  71|0x00000000c7300000, 0x00000000c7300000, 0x00000000c7400000|  0%| F|  |TAMS 0x00000000c7300000| PB 0x00000000c7300000| Untracked |  0
|  72|0x00000000c7400000, 0x00000000c7400000, 0x00000000c7500000|  0%| F|  |TAMS 0x00000000c7400000| PB 0x00000000c7400000| Untracked |  0
|  73|0x00000000c7500000, 0x00000000c7500000, 0x00000000c7600000|  0%| F|  |TAMS 0x00000000c7500000| PB 0x00000000c7500000| Untracked |  0
|  74|0x00000000c7600000, 0x00000000c7600000, 0x00000000c7700000|  0%| F|  |TAMS 0x00000000c7600000| PB 0x00000000c7600000| Untracked |  0
|  75|0x00000000c7700000, 0x00000000c7700000, 0x00000000c7800000|  0%| F|  |TAMS 0x00000000c7700000| PB 0x00000000c7700000| Untracked |  0
|  76|0x00000000c7800000, 0x00000000c7900000, 0x00000000c7900000|100%| S|CS|TAMS 0x00000000c7800000| PB 0x00000000c7800000| Complete |  0
|  77|0x00000000c7900000, 0x00000000c7a00000, 0x00000000c7a00000|100%| S|CS|TAMS 0x00000000c7900000| PB 0x00000000c7900000| Complete |  0
|  78|0x00000000c7a00000, 0x00000000c7a00000, 0x00000000c7b00000|  0%| F|  |TAMS 0x00000000c7a00000| PB 0x00000000c7a00000| Untracked |  0
|  79|0x00000000c7b00000, 0x00000000c7b00000, 0x00000000c7c00000|  0%| F|  |TAMS 0x00000000c7b00000| PB 0x00000000c7b00000| Untracked |  0
|  80|0x00000000c7c00000, 0x00000000c7c00000, 0x00000000c7d00000|  0%| F|  |TAMS 0x00000000c7c00000| PB 0x00000000c7c00000| Untracked |  0
|  81|0x00000000c7d00000, 0x00000000c7d00000, 0x00000000c7e00000|  0%| F|  |TAMS 0x00000000c7d00000| PB 0x00000000c7d00000| Untracked |  0
|  82|0x00000000c7e00000, 0x00000000c7e00000, 0x00000000c7f00000|  0%| F|  |TAMS 0x00000000c7e00000| PB 0x00000000c7e00000| Untracked |  0
|  83|0x00000000c7f00000, 0x00000000c7f00000, 0x00000000c8000000|  0%| F|  |TAMS 0x00000000c7f00000| PB 0x00000000c7f00000| Untracked |  0
|  84|0x00000000c8000000, 0x00000000c8000000, 0x00000000c8100000|  0%| F|  |TAMS 0x00000000c8000000| PB 0x00000000c8000000| Untracked |  0
|  85|0x00000000c8100000, 0x00000000c8100000, 0x00000000c8200000|  0%| F|  |TAMS 0x00000000c8100000| PB 0x00000000c8100000| Untracked |  0
|  86|0x00000000c8200000, 0x00000000c8200000, 0x00000000c8300000|  0%| F|  |TAMS 0x00000000c8200000| PB 0x00000000c8200000| Untracked |  0
|  87|0x00000000c8300000, 0x00000000c8300000, 0x00000000c8400000|  0%| F|  |TAMS 0x00000000c8300000| PB 0x00000000c8300000| Untracked |  0
|  88|0x00000000c8400000, 0x00000000c8400000, 0x00000000c8500000|  0%| F|  |TAMS 0x00000000c8400000| PB 0x00000000c8400000| Untracked |  0
|  89|0x00000000c8500000, 0x00000000c8500000, 0x00000000c8600000|  0%| F|  |TAMS 0x00000000c8500000| PB 0x00000000c8500000| Untracked |  0
|  90|0x00000000c8600000, 0x00000000c8600000, 0x00000000c8700000|  0%| F|  |TAMS 0x00000000c8600000| PB 0x00000000c8600000| Untracked |  0
|  91|0x00000000c8700000, 0x00000000c8700000, 0x00000000c8800000|  0%| F|  |TAMS 0x00000000c8700000| PB 0x00000000c8700000| Untracked |  0
|  92|0x00000000c8800000, 0x00000000c8800000, 0x00000000c8900000|  0%| F|  |TAMS 0x00000000c8800000| PB 0x00000000c8800000| Untracked |  0
|  93|0x00000000c8900000, 0x00000000c8900000, 0x00000000c8a00000|  0%| F|  |TAMS 0x00000000c8900000| PB 0x00000000c8900000| Untracked |  0
|  94|0x00000000c8a00000, 0x00000000c8a00000, 0x00000000c8b00000|  0%| F|  |TAMS 0x00000000c8a00000| PB 0x00000000c8a00000| Untracked |  0
|  95|0x00000000c8b00000, 0x00000000c8b00000, 0x00000000c8c00000|  0%| F|  |TAMS 0x00000000c8b00000| PB 0x00000000c8b00000| Untracked |  0
|  96|0x00000000c8c00000, 0x00000000c8c00000, 0x00000000c8d00000|  0%| F|  |TAMS 0x00000000c8c00000| PB 0x00000000c8c00000| Untracked |  0
| 977|0x00000000ffd00000, 0x00000000ffe00000, 0x00000000ffe00000|100%| O|  |TAMS 0x00000000ffe00000| PB 0x00000000ffd00000| Untracked |  0
| 978|0x00000000ffe00000, 0x00000000fff00000, 0x00000000fff00000|100%| O|  |TAMS 0x00000000fff00000| PB 0x00000000ffe00000| Untracked |  0
| 979|0x00000000fff00000, 0x00000000fff00000, 0x0000000100000000|  0%| F|  |TAMS 0x00000000fff00000| PB 0x00000000fff00000| Untracked |  0

Card table byte_map: [0x00000230fd3a0000,0x00000230fd590000] _byte_map_base: 0x00000230fcd8a000

Marking Bits: (CMBitMap*) 0x00000230f48d1b70
 Bits: [0x00000230fd590000, 0x00000230fe4e0000)

Polling page: 0x00000230f4070000

Metaspace:
Metaspace        used 52019K, committed 52352K, reserved 1114112K
 class space     used 6542K, committed 6656K, reserved 1048576K

Usage:
  Non-class:     44.41 MB used.
      Class:      6.39 MB used.
       Both:     50.80 MB used.

Virtual space:
  Non-class space:       64.00 MB reserved,      44.62 MB ( 70%) committed,  1 nodes.
      Class space:        1.00 GB reserved,       6.50 MB ( <1%) committed,  1 nodes.
             Both:        1.06 GB reserved,      51.12 MB (  5%) committed. 

Chunk freelists:
   Non-Class:  2.73 MB
       Class:  9.31 MB
        Both:  12.05 MB

MaxMetaspaceSize: unlimited
CompressedClassSpaceSize: 1.00 GB
Initial GC threshold: 21.00 MB
Current GC threshold: 69.31 MB
CDS: on
 - commit_granule_bytes: 65536.
 - commit_granule_words: 8192.
 - virtual_space_node_default_size: 8388608.
 - enlarge_chunks_in_place: 1.
UseCompressedClassPointers 1, UseCompactObjectHeaders 0
Narrow klass pointer bits 32, Max shift 3
Narrow klass base: 0x0000000038000000, Narrow klass shift: 0
Encoding Range: [0x0000000038000000 - 0x0000000138000000), (4294967296 bytes)
Klass Range:    [0x0000000038010000 - 0x0000000079000000), (1090453504 bytes)
Klass ID Range:  [65536 - 1090519033) (1090453497)
Protection zone: [0x0000000038000000 - 0x0000000038010000), (65536 bytes)


Internal statistics:

num_allocs_failed_limit: 6.
num_arena_births: 340.
num_arena_deaths: 0.
num_vsnodes_births: 2.
num_vsnodes_deaths: 0.
num_space_committed: 817.
num_space_uncommitted: 0.
num_chunks_returned_to_freelist: 6.
num_chunks_taken_from_freelist: 2132.
num_chunk_merges: 6.
num_chunk_splits: 1744.
num_chunks_enlarged: 1538.
num_inconsistent_stats: 0.

CodeHeap 'non-profiled nmethods': size=120064Kb used=1970Kb max_used=1970Kb free=118093Kb
 bounds [0x0000023087ad0000, 0x0000023087d40000, 0x000002308f010000]
CodeHeap 'profiled nmethods': size=120064Kb used=8381Kb max_used=8381Kb free=111682Kb
 bounds [0x0000023080000000, 0x0000023080830000, 0x0000023087540000]
CodeHeap 'non-nmethods': size=5696Kb used=1571Kb max_used=1693Kb free=4124Kb
 bounds [0x0000023087540000, 0x00000230877b0000, 0x0000023087ad0000]
CodeCache: size=245824Kb, used=11922Kb, max_used=12044Kb, free=233899Kb
 total_blobs=5757, nmethods=5067, adapters=591, full_count=0
Compilation: enabled, stopped_count=0, restarted_count=0

Compilation events (20 events):
Event: 14.795 Thread 0x00000230fe6eaf80 nmethod 5351 0x000002308082c608 code [0x000002308082c700, 0x000002308082d2b0]
Event: 14.796 Thread 0x00000230fe6eaf80 5352       3       java.util.HashMap::getNode (150 bytes)
Event: 14.797 Thread 0x00000230fe6eaf80 nmethod 5352 0x000002308082d308 code [0x000002308082d400, 0x000002308082de88]
Event: 14.797 Thread 0x00000230fe6eaf80 5353       2       org.jetbrains.kotlin.protobuf.ByteString$Output::flushLastBuffer (96 bytes)
Event: 14.797 Thread 0x00000230fe6eaf80 nmethod 5353 0x000002308082df08 code [0x000002308082e000, 0x000002308082e3c0]
Event: 14.798 Thread 0x00000230fe6eaf80 5354       3       kotlin.jvm.internal.FunctionReferenceImpl::<init> (14 bytes)
Event: 14.798 Thread 0x00000230fe6eaf80 nmethod 5354 0x000002308082e408 code [0x000002308082e500, 0x000002308082e638]
Event: 14.807 Thread 0x00000230fe6eaf80 5355       1       org.jetbrains.kotlin.metadata.ProtoBuf$Modality::getNumber (5 bytes)
Event: 14.807 Thread 0x00000230fe6eaf80 nmethod 5355 0x0000023087cbaa08 code [0x0000023087cbab00, 0x0000023087cbabc8]
Event: 14.808 Thread 0x00000230fe6eaf80 5356       3       org.jetbrains.kotlin.protobuf.GeneratedMessageLite$ExtendableMessage::getExtension (32 bytes)
Event: 14.809 Thread 0x00000230fe6eaf80 nmethod 5356 0x000002308082e708 code [0x000002308082e800, 0x000002308082f030]
Event: 14.815 Thread 0x00000230fe6eaf80 5357       1       org.jetbrains.kotlin.util.OneElementArrayMap::getSize (2 bytes)
Event: 14.816 Thread 0x00000230fe6eaf80 nmethod 5357 0x0000023087cbad08 code [0x0000023087cbae00, 0x0000023087cbaec8]
Event: 14.826 Thread 0x00000230fe6e7f20 nmethod 5255 0x0000023087cbb008 code [0x0000023087cbb100, 0x0000023087cbc328]
Event: 14.826 Thread 0x00000230fe6e7f20 5338       4       org.jetbrains.kotlin.metadata.ProtoBuf$Function::hasReceiverType (18 bytes)
Event: 14.826 Thread 0x00000230fe6e7f20 nmethod 5338 0x0000023087cbc388 code [0x0000023087cbc480, 0x0000023087cbc508]
Event: 14.827 Thread 0x00000230fe6eaf80 5358       3       org.jetbrains.kotlin.utils.SmartList::iterator (49 bytes)
Event: 14.828 Thread 0x00000230fe6eaf80 nmethod 5358 0x000002308082f088 code [0x000002308082f180, 0x000002308082f6f0]
Event: 14.828 Thread 0x00000230fe6e7f20 5359       4       org.jetbrains.kotlin.cli.jvm.compiler.jarfs.FastJarVirtualFile::getFileSystem (11 bytes)
Event: 14.829 Thread 0x00000230fe6e7f20 nmethod 5359 0x0000023087cbc688 code [0x0000023087cbc780, 0x0000023087cbc810]

GC Heap Usage History (20 events):
Event: 4.984 {heap After GC invocations=5 (full 0):
 garbage-first heap   total reserved 1003520K, committed 49152K, used 18979K [0x00000000c2c00000, 0x0000000100000000)
  region size 1024K, 4 young (4096K), 4 survivors (4096K)
}
Event: 5.069 {heap Before GC invocations=5 (full 0):
 garbage-first heap   total reserved 1003520K, committed 49152K, used 34339K [0x00000000c2c00000, 0x0000000100000000)
  region size 1024K, 19 young (19456K), 4 survivors (4096K)
}
Event: 5.091 {heap After GC invocations=6 (full 0):
 garbage-first heap   total reserved 1003520K, committed 49152K, used 25489K [0x00000000c2c00000, 0x0000000100000000)
  region size 1024K, 3 young (3072K), 3 survivors (3072K)
}
Event: 5.255 {heap Before GC invocations=6 (full 0):
 garbage-first heap   total reserved 1003520K, committed 49152K, used 36753K [0x00000000c2c00000, 0x0000000100000000)
  region size 1024K, 14 young (14336K), 3 survivors (3072K)
}
Event: 5.273 {heap After GC invocations=7 (full 0):
 garbage-first heap   total reserved 1003520K, committed 49152K, used 29585K [0x00000000c2c00000, 0x0000000100000000)
  region size 1024K, 2 young (2048K), 2 survivors (2048K)
}
Event: 5.451 {heap Before GC invocations=8 (full 0):
 garbage-first heap   total reserved 1003520K, committed 51200K, used 38801K [0x00000000c2c00000, 0x0000000100000000)
  region size 1024K, 11 young (11264K), 2 survivors (2048K)
}
Event: 5.466 {heap After GC invocations=9 (full 0):
 garbage-first heap   total reserved 1003520K, committed 51200K, used 34193K [0x00000000c2c00000, 0x0000000100000000)
  region size 1024K, 2 young (2048K), 2 survivors (2048K)
}
Event: 5.576 {heap Before GC invocations=9 (full 0):
 garbage-first heap   total reserved 1003520K, committed 51200K, used 41361K [0x00000000c2c00000, 0x0000000100000000)
  region size 1024K, 9 young (9216K), 2 survivors (2048K)
}
Event: 5.589 {heap After GC invocations=10 (full 0):
 garbage-first heap   total reserved 1003520K, committed 102400K, used 37888K [0x00000000c2c00000, 0x0000000100000000)
  region size 1024K, 2 young (2048K), 2 survivors (2048K)
}
Event: 8.093 {heap Before GC invocations=10 (full 0):
 garbage-first heap   total reserved 1003520K, committed 102400K, used 70656K [0x00000000c2c00000, 0x0000000100000000)
  region size 1024K, 34 young (34816K), 2 survivors (2048K)
}
Event: 8.122 {heap After GC invocations=11 (full 0):
 garbage-first heap   total reserved 1003520K, committed 102400K, used 44842K [0x00000000c2c00000, 0x0000000100000000)
  region size 1024K, 5 young (5120K), 5 survivors (5120K)
}
Event: 9.029 {heap Before GC invocations=11 (full 0):
 garbage-first heap   total reserved 1003520K, committed 102400K, used 74538K [0x00000000c2c00000, 0x0000000100000000)
  region size 1024K, 34 young (34816K), 5 survivors (5120K)
}
Event: 9.052 {heap After GC invocations=12 (full 0):
 garbage-first heap   total reserved 1003520K, committed 102400K, used 49664K [0x00000000c2c00000, 0x0000000100000000)
  region size 1024K, 4 young (4096K), 4 survivors (4096K)
}
Event: 10.709 {heap Before GC invocations=12 (full 0):
 garbage-first heap   total reserved 1003520K, committed 102400K, used 70144K [0x00000000c2c00000, 0x0000000100000000)
  region size 1024K, 26 young (26624K), 4 survivors (4096K)
}
Event: 10.721 {heap After GC invocations=13 (full 0):
 garbage-first heap   total reserved 1003520K, committed 102400K, used 51920K [0x00000000c2c00000, 0x0000000100000000)
  region size 1024K, 2 young (2048K), 2 survivors (2048K)
}
Event: 13.073 {heap Before GC invocations=14 (full 0):
 garbage-first heap   total reserved 1003520K, committed 102400K, used 83664K [0x00000000c2c00000, 0x0000000100000000)
  region size 1024K, 32 young (32768K), 2 survivors (2048K)
}
Event: 13.094 {heap After GC invocations=15 (full 0):
 garbage-first heap   total reserved 1003520K, committed 102400K, used 58170K [0x00000000c2c00000, 0x0000000100000000)
  region size 1024K, 4 young (4096K), 4 survivors (4096K)
}
Event: 13.800 {heap Before GC invocations=15 (full 0):
 garbage-first heap   total reserved 1003520K, committed 102400K, used 85818K [0x00000000c2c00000, 0x0000000100000000)
  region size 1024K, 31 young (31744K), 4 survivors (4096K)
}
Event: 13.841 {heap After GC invocations=16 (full 0):
 garbage-first heap   total reserved 1003520K, committed 102400K, used 66560K [0x00000000c2c00000, 0x0000000100000000)
  region size 1024K, 4 young (4096K), 4 survivors (4096K)
}
Event: 14.834 {heap Before GC invocations=16 (full 0):
 garbage-first heap   total reserved 1003520K, committed 102400K, used 87040K [0x00000000c2c00000, 0x0000000100000000)
  region size 1024K, 24 young (24576K), 4 survivors (4096K)
}

Metaspace Usage History (20 events):
Event: 4.984 {metaspace After GC invocations=5 (full 0):
 Metaspace       used 25070K, committed 25408K, reserved 1114112K
  class space    used 3617K, committed 3776K, reserved 1048576K
}
Event: 5.069 {metaspace Before GC invocations=5 (full 0):
 Metaspace       used 25106K, committed 25408K, reserved 1114112K
  class space    used 3619K, committed 3776K, reserved 1048576K
}
Event: 5.091 {metaspace After GC invocations=6 (full 0):
 Metaspace       used 25106K, committed 25408K, reserved 1114112K
  class space    used 3619K, committed 3776K, reserved 1048576K
}
Event: 5.255 {metaspace Before GC invocations=6 (full 0):
 Metaspace       used 25151K, committed 25472K, reserved 1114112K
  class space    used 3623K, committed 3776K, reserved 1048576K
}
Event: 5.273 {metaspace After GC invocations=7 (full 0):
 Metaspace       used 25151K, committed 25472K, reserved 1114112K
  class space    used 3623K, committed 3776K, reserved 1048576K
}
Event: 5.451 {metaspace Before GC invocations=8 (full 0):
 Metaspace       used 25151K, committed 25472K, reserved 1114112K
  class space    used 3623K, committed 3776K, reserved 1048576K
}
Event: 5.466 {metaspace After GC invocations=9 (full 0):
 Metaspace       used 25151K, committed 25472K, reserved 1114112K
  class space    used 3623K, committed 3776K, reserved 1048576K
}
Event: 5.576 {metaspace Before GC invocations=9 (full 0):
 Metaspace       used 25151K, committed 25472K, reserved 1114112K
  class space    used 3623K, committed 3776K, reserved 1048576K
}
Event: 5.589 {metaspace After GC invocations=10 (full 0):
 Metaspace       used 25151K, committed 25472K, reserved 1114112K
  class space    used 3623K, committed 3776K, reserved 1048576K
}
Event: 8.093 {metaspace Before GC invocations=10 (full 0):
 Metaspace       used 30764K, committed 31168K, reserved 1114112K
  class space    used 4169K, committed 4352K, reserved 1048576K
}
Event: 8.122 {metaspace After GC invocations=11 (full 0):
 Metaspace       used 30764K, committed 31168K, reserved 1114112K
  class space    used 4169K, committed 4352K, reserved 1048576K
}
Event: 9.029 {metaspace Before GC invocations=11 (full 0):
 Metaspace       used 36265K, committed 36608K, reserved 1114112K
  class space    used 4784K, committed 4928K, reserved 1048576K
}
Event: 9.052 {metaspace After GC invocations=12 (full 0):
 Metaspace       used 36265K, committed 36608K, reserved 1114112K
  class space    used 4784K, committed 4928K, reserved 1048576K
}
Event: 10.709 {metaspace Before GC invocations=12 (full 0):
 Metaspace       used 42225K, committed 42496K, reserved 1114112K
  class space    used 5371K, committed 5504K, reserved 1048576K
}
Event: 10.721 {metaspace After GC invocations=13 (full 0):
 Metaspace       used 42225K, committed 42496K, reserved 1114112K
  class space    used 5371K, committed 5504K, reserved 1048576K
}
Event: 13.073 {metaspace Before GC invocations=14 (full 0):
 Metaspace       used 46511K, committed 46848K, reserved 1114112K
  class space    used 5833K, committed 5952K, reserved 1048576K
}
Event: 13.094 {metaspace After GC invocations=15 (full 0):
 Metaspace       used 46511K, committed 46848K, reserved 1114112K
  class space    used 5833K, committed 5952K, reserved 1048576K
}
Event: 13.800 {metaspace Before GC invocations=15 (full 0):
 Metaspace       used 47691K, committed 48000K, reserved 1114112K
  class space    used 5952K, committed 6080K, reserved 1048576K
}
Event: 13.841 {metaspace After GC invocations=16 (full 0):
 Metaspace       used 47691K, committed 48000K, reserved 1114112K
  class space    used 5952K, committed 6080K, reserved 1048576K
}
Event: 14.834 {metaspace Before GC invocations=16 (full 0):
 Metaspace       used 52019K, committed 52352K, reserved 1114112K
  class space    used 6542K, committed 6656K, reserved 1048576K
}

Dll operation events (8 events):
Event: 0.029 Loaded shared library C:\Program Files\Eclipse Adoptium\jdk-25.0.3.9-hotspot\bin\java.dll
Event: 0.197 Loaded shared library C:\Program Files\Eclipse Adoptium\jdk-25.0.3.9-hotspot\bin\net.dll
Event: 0.216 Loaded shared library C:\Program Files\Eclipse Adoptium\jdk-25.0.3.9-hotspot\bin\nio.dll
Event: 0.366 Loaded shared library C:\Program Files\Eclipse Adoptium\jdk-25.0.3.9-hotspot\bin\zip.dll
Event: 0.475 Loaded shared library C:\Program Files\Eclipse Adoptium\jdk-25.0.3.9-hotspot\bin\jimage.dll
Event: 1.852 Loaded shared library C:\Program Files\Eclipse Adoptium\jdk-25.0.3.9-hotspot\bin\management.dll
Event: 1.856 Loaded shared library C:\Program Files\Eclipse Adoptium\jdk-25.0.3.9-hotspot\bin\management_ext.dll
Event: 5.865 Loaded shared library C:\Program Files\Eclipse Adoptium\jdk-25.0.3.9-hotspot\bin\verify.dll

Deoptimization events (20 events):
Event: 13.922 Thread 0x00000230f264c4b0 Uncommon trap: trap_request=0xffffff45 fr.pc=0x0000023087b3f02c relative=0x000000000000032c
Event: 13.922 Thread 0x00000230f264c4b0 Uncommon trap: reason=unstable_if action=reinterpret pc=0x0000023087b3f02c method=java.util.HashMap.hash(Ljava/lang/Object;)I @ 1 c2
Event: 13.922 Thread 0x00000230f264c4b0 DEOPT PACKING pc=0x0000023087b3f02c sp=0x00000051d96fd1a0
Event: 13.922 Thread 0x00000230f264c4b0 DEOPT UNPACKING pc=0x00000230875c857c sp=0x00000051d96fd038 mode 2
Event: 14.107 Thread 0x00000230f264c4b0 Uncommon trap: trap_request=0xffffffc6 fr.pc=0x0000023087c8fdd8 relative=0x0000000000001758
Event: 14.107 Thread 0x00000230f264c4b0 Uncommon trap: reason=bimorphic_or_optimized_type_check action=maybe_recompile pc=0x0000023087c8fdd8 method=org.jetbrains.org.objectweb.asm.ClassReader.readElementValue(Lorg/jetbrains/org/objectweb/asm/AnnotationVisitor;ILjava/lang/String;[C)I @ 485 c2
Event: 14.107 Thread 0x00000230f264c4b0 DEOPT PACKING pc=0x0000023087c8fdd8 sp=0x00000051d96fcb00
Event: 14.107 Thread 0x00000230f264c4b0 DEOPT UNPACKING pc=0x00000230875c857c sp=0x00000051d96fca80 mode 2
Event: 14.107 Thread 0x00000230f264c4b0 Uncommon trap: trap_request=0xffffff45 fr.pc=0x0000023087c8fbac relative=0x000000000000152c
Event: 14.107 Thread 0x00000230f264c4b0 Uncommon trap: reason=unstable_if action=reinterpret pc=0x0000023087c8fbac method=org.jetbrains.org.objectweb.asm.ClassReader.readElementValue(Lorg/jetbrains/org/objectweb/asm/AnnotationVisitor;ILjava/lang/String;[C)I @ 102 c2
Event: 14.107 Thread 0x00000230f264c4b0 DEOPT PACKING pc=0x0000023087c8fbac sp=0x00000051d96fcb00
Event: 14.107 Thread 0x00000230f264c4b0 DEOPT UNPACKING pc=0x00000230875c857c sp=0x00000051d96fca90 mode 2
Event: 14.788 Thread 0x00000230f264c4b0 Uncommon trap: trap_request=0xffffff45 fr.pc=0x0000023087c94b4c relative=0x000000000000024c
Event: 14.788 Thread 0x00000230f264c4b0 Uncommon trap: reason=unstable_if action=reinterpret pc=0x0000023087c94b4c method=java.util.HashMap.hash(Ljava/lang/Object;)I @ 1 c2
Event: 14.788 Thread 0x00000230f264c4b0 DEOPT PACKING pc=0x0000023087c94b4c sp=0x00000051d96fc570
Event: 14.788 Thread 0x00000230f264c4b0 DEOPT UNPACKING pc=0x00000230875c857c sp=0x00000051d96fc468 mode 2
Event: 14.789 Thread 0x00000230f264c4b0 Uncommon trap: trap_request=0xffffff45 fr.pc=0x0000023087b3bb24 relative=0x00000000000000a4
Event: 14.789 Thread 0x00000230f264c4b0 Uncommon trap: reason=unstable_if action=reinterpret pc=0x0000023087b3bb24 method=java.util.HashMap.hash(Ljava/lang/Object;)I @ 1 c2
Event: 14.789 Thread 0x00000230f264c4b0 DEOPT PACKING pc=0x0000023087b3bb24 sp=0x00000051d96fc4d0
Event: 14.789 Thread 0x00000230f264c4b0 DEOPT UNPACKING pc=0x00000230875c857c sp=0x00000051d96fc468 mode 2

Classes loaded (20 events):
Event: 13.967 Loading class java/text/CharacterIterator done
Event: 13.967 Loading class java/text/StringCharacterIterator done
Event: 14.400 Loading class java/util/stream/IntStream
Event: 14.401 Loading class java/util/stream/IntStream done
Event: 14.401 Loading class java/util/stream/LongStream
Event: 14.402 Loading class java/util/stream/LongStream done
Event: 14.402 Loading class java/util/stream/DoubleStream
Event: 14.402 Loading class java/util/stream/DoubleStream done
Event: 14.420 Loading class java/util/AbstractList$SubList
Event: 14.421 Loading class java/util/AbstractList$SubList done
Event: 14.421 Loading class java/util/AbstractList$SubList$1
Event: 14.421 Loading class java/util/AbstractList$SubList$1 done
Event: 14.496 Loading class java/util/EnumMap$EntrySet
Event: 14.497 Loading class java/util/EnumMap$EntrySet done
Event: 14.497 Loading class java/util/EnumMap$EntryIterator
Event: 14.497 Loading class java/util/EnumMap$EnumMapIterator
Event: 14.497 Loading class java/util/EnumMap$EnumMapIterator done
Event: 14.497 Loading class java/util/EnumMap$EntryIterator done
Event: 14.497 Loading class java/util/EnumMap$EntryIterator$Entry
Event: 14.497 Loading class java/util/EnumMap$EntryIterator$Entry done

Classes unloaded (0 events):
No events

Classes redefined (0 events):
No events

Internal exceptions (20 events):
Event: 5.201 Thread 0x00000230f264c4b0 Implicit null exception at 0x0000023087b70204 to 0x0000023087b70604
Event: 5.221 Thread 0x00000230f264c4b0 Implicit null exception at 0x0000023087b78156 to 0x0000023087b78710
Event: 6.284 Thread 0x00000230f264c4b0 Exception <a 'java/lang/NoSuchMethodError'{0x00000000c8137a48}: 'java.lang.Object java.lang.invoke.DirectMethodHandle$Holder.newInvokeSpecial(java.lang.Object, java.lang.Object, int, int)'> (0x00000000c8137a48) 
thrown [s\src\hotspot\share\interpreter\linkResolver.cpp, line 804]
Event: 6.411 Thread 0x00000230f264c4b0 Exception <a 'java/lang/NoSuchMethodError'{0x00000000c81c7528}: 'java.lang.Object java.lang.invoke.Invokers$Holder.invokeExact_MT(java.lang.Object, java.lang.Object, long, java.lang.Object)'> (0x00000000c81c7528) 
thrown [s\src\hotspot\share\interpreter\linkResolver.cpp, line 804]
Event: 6.547 Thread 0x00000230f264c4b0 Implicit null exception at 0x0000023087ba3937 to 0x0000023087ba3b3c
Event: 8.080 Thread 0x00000230f264c4b0 Exception <a 'java/lang/NoSuchMethodError'{0x00000000c6eb1508}: 'java.lang.Object java.lang.invoke.DirectMethodHandle$Holder.newInvokeSpecial(java.lang.Object, java.lang.Object, java.lang.Object, java.lang.Object, java.lang.Object, java.lang.Object, java.lang.Object)'> (0x00000000c6eb1508) 
thrown [s\src\hotspot\share\interpreter\linkResolver.cpp, line 804]
Event: 8.082 Thread 0x00000230f264c4b0 Exception <a 'java/lang/NoSuchMethodError'{0x00000000c6ec5bd0}: 'java.lang.Object java.lang.invoke.DirectMethodHandle$Holder.newInvokeSpecial(java.lang.Object, java.lang.Object, java.lang.Object, java.lang.Object, java.lang.Object, java.lang.Object, java.lang.Object, java.lang.Object)'> (0x00000000c6ec5bd0) 
thrown [s\src\hotspot\share\interpreter\linkResolver.cpp, line 804]
Event: 8.090 Thread 0x00000230f264c4b0 Exception <a 'java/lang/NoSuchMethodError'{0x00000000c6ee5a00}: 'java.lang.Object java.lang.invoke.DirectMethodHandle$Holder.newInvokeSpecial(java.lang.Object, java.lang.Object, java.lang.Object, java.lang.Object, java.lang.Object, java.lang.Object, java.lang.Object, java.lang.Object, java.lang.Object)'> (0x00000000c6ee5a00) 
thrown [s\src\hotspot\share\interpreter\linkResolver.cpp, line 804]
Event: 10.686 Thread 0x00000230f264c4b0 Exception <a 'java/lang/NoSuchMethodError'{0x00000000c79dbe10}: 'int java.lang.invoke.DirectMethodHandle$Holder.invokeStaticInit(java.lang.Object, int)'> (0x00000000c79dbe10) 
thrown [s\src\hotspot\share\interpreter\linkResolver.cpp, line 804]
Event: 13.601 Thread 0x00000230f264c4b0 Exception <a 'java/lang/NoSuchMethodError'{0x00000000c7633d50}: 'java.lang.Object java.lang.invoke.DirectMethodHandle$Holder.newInvokeSpecial(java.lang.Object, java.lang.Object, java.lang.Object, int, java.lang.Object)'> (0x00000000c7633d50) 
thrown [s\src\hotspot\share\interpreter\linkResolver.cpp, line 804]
Event: 13.603 Thread 0x00000230f264c4b0 Exception <a 'java/lang/NoSuchMethodError'{0x00000000c763cbc8}: 'java.lang.Object java.lang.invoke.DirectMethodHandle$Holder.invokeSpecial(java.lang.Object, java.lang.Object, java.lang.Object, java.lang.Object, int, java.lang.Object)'> (0x00000000c763cbc8) 
thrown [s\src\hotspot\share\interpreter\linkResolver.cpp, line 804]
Event: 13.604 Thread 0x00000230f264c4b0 Exception <a 'java/lang/NoSuchMethodError'{0x00000000c7645288}: 'java.lang.Object java.lang.invoke.Invokers$Holder.linkToTargetMethod(java.lang.Object, java.lang.Object, int, java.lang.Object, java.lang.Object)'> (0x00000000c7645288) 
thrown [s\src\hotspot\share\interpreter\linkResolver.cpp, line 804]
Event: 13.645 Thread 0x00000230f264c4b0 Exception <a 'java/lang/NoSuchMethodError'{0x00000000c76fe838}: 'java.lang.Object java.lang.invoke.DirectMethodHandle$Holder.newInvokeSpecial(java.lang.Object, java.lang.Object, java.lang.Object, java.lang.Object, int)'> (0x00000000c76fe838) 
thrown [s\src\hotspot\share\interpreter\linkResolver.cpp, line 804]
Event: 13.646 Thread 0x00000230f264c4b0 Exception <a 'java/lang/NoSuchMethodError'{0x00000000c75084e0}: 'java.lang.Object java.lang.invoke.DirectMethodHandle$Holder.invokeSpecial(java.lang.Object, java.lang.Object, java.lang.Object, java.lang.Object, java.lang.Object, int)'> (0x00000000c75084e0) 
thrown [s\src\hotspot\share\interpreter\linkResolver.cpp, line 804]
Event: 13.646 Thread 0x00000230f264c4b0 Exception <a 'java/lang/NoSuchMethodError'{0x00000000c7510ba0}: 'java.lang.Object java.lang.invoke.Invokers$Holder.linkToTargetMethod(java.lang.Object, java.lang.Object, java.lang.Object, int, java.lang.Object)'> (0x00000000c7510ba0) 
thrown [s\src\hotspot\share\interpreter\linkResolver.cpp, line 804]
Event: 13.922 Thread 0x00000230f264c4b0 Implicit null exception at 0x0000023087b73c36 to 0x0000023087b73cd2
Event: 13.922 Thread 0x00000230f264c4b0 Implicit null exception at 0x0000023087b3ed56 to 0x0000023087b3f010
Event: 14.488 Thread 0x00000230f264c4b0 Exception <a 'java/lang/NoSuchMethodError'{0x00000000c7ea4330}: 'java.lang.Object java.lang.invoke.DirectMethodHandle$Holder.newInvokeSpecial(java.lang.Object, java.lang.Object, java.lang.Object, java.lang.Object, java.lang.Object, java.lang.Object)'> (0x00000000c7ea4330) 
thrown [s\src\hotspot\share\interpreter\linkResolver.cpp, line 804]
Event: 14.788 Thread 0x00000230f264c4b0 Implicit null exception at 0x0000023087c9494a to 0x0000023087c94b34
Event: 14.789 Thread 0x00000230f264c4b0 Implicit null exception at 0x0000023087b3ba9d to 0x0000023087b3bb15

VM Operations (20 events):
Event: 13.681 Executing non-safepoint VM operation: HandshakeAllThreads (Deoptimize) done
Event: 13.800 Executing safepoint VM operation: G1CollectForAllocation (G1 Evacuation Pause)
Event: 13.841 Executing safepoint VM operation: G1CollectForAllocation (G1 Evacuation Pause) done
Event: 13.963 Executing non-safepoint VM operation: HandshakeAllThreads (Deoptimize)
Event: 13.964 Executing non-safepoint VM operation: HandshakeAllThreads (Deoptimize) done
Event: 13.994 Executing non-safepoint VM operation: HandshakeAllThreads (Deoptimize)
Event: 13.995 Executing non-safepoint VM operation: HandshakeAllThreads (Deoptimize) done
Event: 14.181 Executing non-safepoint VM operation: HandshakeAllThreads (Deoptimize)
Event: 14.181 Executing non-safepoint VM operation: HandshakeAllThreads (Deoptimize) done
Event: 14.207 Executing non-safepoint VM operation: HandshakeAllThreads (Deoptimize)
Event: 14.207 Executing non-safepoint VM operation: HandshakeAllThreads (Deoptimize) done
Event: 14.312 Executing non-safepoint VM operation: HandshakeAllThreads (Deoptimize)
Event: 14.313 Executing non-safepoint VM operation: HandshakeAllThreads (Deoptimize) done
Event: 14.362 Executing non-safepoint VM operation: HandshakeAllThreads (Deoptimize)
Event: 14.363 Executing non-safepoint VM operation: HandshakeAllThreads (Deoptimize) done
Event: 14.399 Executing non-safepoint VM operation: HandshakeAllThreads (Deoptimize)
Event: 14.399 Executing non-safepoint VM operation: HandshakeAllThreads (Deoptimize) done
Event: 14.483 Executing non-safepoint VM operation: HandshakeAllThreads (Deoptimize)
Event: 14.484 Executing non-safepoint VM operation: HandshakeAllThreads (Deoptimize) done
Event: 14.834 Executing safepoint VM operation: G1CollectForAllocation (G1 Evacuation Pause)

Memory protections (0 events):
No events

Nmethod flushes (20 events):
Event: 11.791 Thread 0x00000230fe6cf840 flushing  nmethod 0x000002308010ff08
Event: 11.791 Thread 0x00000230fe6cf840 flushing  nmethod 0x00000230801b6388
Event: 11.791 Thread 0x00000230fe6cf840 flushing  nmethod 0x00000230801e6208
Event: 11.791 Thread 0x00000230fe6cf840 flushing  nmethod 0x00000230801e7488
Event: 11.791 Thread 0x00000230fe6cf840 flushing  nmethod 0x00000230801eb508
Event: 11.791 Thread 0x00000230fe6cf840 flushing  nmethod 0x00000230801eb888
Event: 11.791 Thread 0x00000230fe6cf840 flushing  nmethod 0x00000230801f9b88
Event: 11.791 Thread 0x00000230fe6cf840 flushing  nmethod 0x00000230801fac88
Event: 11.791 Thread 0x00000230fe6cf840 flushing  nmethod 0x00000230802a1688
Event: 11.791 Thread 0x00000230fe6cf840 flushing  nmethod 0x00000230802a2608
Event: 11.791 Thread 0x00000230fe6cf840 flushing  nmethod 0x00000230802a3208
Event: 11.791 Thread 0x00000230fe6cf840 flushing  nmethod 0x00000230802a3888
Event: 11.791 Thread 0x00000230fe6cf840 flushing  nmethod 0x00000230802a3d88
Event: 11.791 Thread 0x00000230fe6cf840 flushing  nmethod 0x00000230802a7c08
Event: 11.791 Thread 0x00000230fe6cf840 flushing  nmethod 0x00000230802a9488
Event: 11.791 Thread 0x00000230fe6cf840 flushing  nmethod 0x00000230802a9b88
Event: 11.791 Thread 0x00000230fe6cf840 flushing  nmethod 0x00000230802b6208
Event: 11.791 Thread 0x00000230fe6cf840 flushing  nmethod 0x00000230802b6f88
Event: 11.791 Thread 0x00000230fe6cf840 flushing  nmethod 0x00000230802b7b88
Event: 11.791 Thread 0x00000230fe6cf840 flushing  nmethod 0x00000230802b8a08

Events (11 events):
Event: 0.107 Thread 0x00000230f264c4b0 Thread added: 0x00000230f264c4b0
Event: 0.134 Thread 0x00000230f264c4b0 Thread added: 0x00000230fe6e1ff0
Event: 0.134 Thread 0x00000230f264c4b0 Thread added: 0x00000230fe6e2fd0
Event: 0.135 Thread 0x00000230f264c4b0 Thread added: 0x00000230fe6e4cf0
Event: 0.135 Thread 0x00000230f264c4b0 Thread added: 0x00000230fe6e58b0
Event: 0.135 Thread 0x00000230f264c4b0 Thread added: 0x00000230fe6e6470
Event: 0.140 Thread 0x00000230f264c4b0 Thread added: 0x00000230fe6e7030
Event: 0.141 Thread 0x00000230f264c4b0 Thread added: 0x00000230fe6e7f20
Event: 0.142 Thread 0x00000230f264c4b0 Thread added: 0x00000230fe6eaf80
Event: 0.179 Thread 0x00000230f264c4b0 Thread added: 0x00000230fe79f440
Event: 0.184 Thread 0x00000230f264c4b0 Thread added: 0x00000230fe7ac080


Dynamic libraries:
0x00007ff75fe40000 - 0x00007ff75fe4e000 	C:\Program Files\Eclipse Adoptium\jdk-25.0.3.9-hotspot\bin\java.exe
0x00007ffd25250000 - 0x00007ffd25448000 	C:\Windows\SYSTEM32\ntdll.dll
0x00007ffd23ef0000 - 0x00007ffd23fb2000 	C:\Windows\System32\KERNEL32.DLL
0x00007ffd22920000 - 0x00007ffd22c16000 	C:\Windows\System32\KERNELBASE.dll
0x00007ffd23180000 - 0x00007ffd23280000 	C:\Windows\System32\ucrtbase.dll
0x00007ffd14350000 - 0x00007ffd1436e000 	C:\Program Files\Eclipse Adoptium\jdk-25.0.3.9-hotspot\bin\VCRUNTIME140.dll
0x00007ffd14470000 - 0x00007ffd14486000 	C:\Program Files\Eclipse Adoptium\jdk-25.0.3.9-hotspot\bin\jli.dll
0x00007ffd23d50000 - 0x00007ffd23eed000 	C:\Windows\System32\USER32.dll
0x00007ffd228f0000 - 0x00007ffd22912000 	C:\Windows\System32\win32u.dll
0x00007ffd236e0000 - 0x00007ffd2370b000 	C:\Windows\System32\GDI32.dll
0x00007ffd23060000 - 0x00007ffd23179000 	C:\Windows\System32\gdi32full.dll
0x00007ffd22c20000 - 0x00007ffd22cbd000 	C:\Windows\System32\msvcp_win.dll
0x00007ffd0e710000 - 0x00007ffd0e9ab000 	C:\Windows\WinSxS\amd64_microsoft.windows.common-controls_6595b64144ccf1df_6.0.19041.6280_none_60bc30a171f2f3f3\COMCTL32.dll
0x00007ffd24e50000 - 0x00007ffd24eee000 	C:\Windows\System32\msvcrt.dll
0x00007ffd23630000 - 0x00007ffd2365f000 	C:\Windows\System32\IMM32.DLL
0x00007ffd1be00000 - 0x00007ffd1be0c000 	C:\Program Files\Eclipse Adoptium\jdk-25.0.3.9-hotspot\bin\vcruntime140_1.dll
0x00007ffcf3990000 - 0x00007ffcf3a1d000 	C:\Program Files\Eclipse Adoptium\jdk-25.0.3.9-hotspot\bin\msvcp140.dll
0x00007ffcef260000 - 0x00007ffcf018a000 	C:\Program Files\Eclipse Adoptium\jdk-25.0.3.9-hotspot\bin\server\jvm.dll
0x00007ffd24550000 - 0x00007ffd24601000 	C:\Windows\System32\ADVAPI32.dll
0x00007ffd23720000 - 0x00007ffd237bf000 	C:\Windows\System32\sechost.dll
0x00007ffd237c0000 - 0x00007ffd238e0000 	C:\Windows\System32\RPCRT4.dll
0x00007ffd22e70000 - 0x00007ffd22e97000 	C:\Windows\System32\bcrypt.dll
0x00007ffd24610000 - 0x00007ffd2467b000 	C:\Windows\System32\WS2_32.dll
0x00007ffd22750000 - 0x00007ffd2279b000 	C:\Windows\SYSTEM32\POWRPROF.dll
0x00007ffd0f1d0000 - 0x00007ffd0f1f7000 	C:\Windows\SYSTEM32\WINMM.dll
0x00007ffd19f80000 - 0x00007ffd19f8a000 	C:\Windows\SYSTEM32\VERSION.dll
0x00007ffd22680000 - 0x00007ffd22692000 	C:\Windows\SYSTEM32\UMPDC.dll
0x00007ffd21110000 - 0x00007ffd21122000 	C:\Windows\SYSTEM32\kernel.appcore.dll
0x00007ffd1b380000 - 0x00007ffd1b38a000 	C:\Program Files\Eclipse Adoptium\jdk-25.0.3.9-hotspot\bin\jimage.dll
0x00007ffd20e10000 - 0x00007ffd21011000 	C:\Windows\SYSTEM32\DBGHELP.DLL
0x00007ffd01830000 - 0x00007ffd01864000 	C:\Windows\SYSTEM32\dbgcore.DLL
0x00007ffd22fd0000 - 0x00007ffd23052000 	C:\Windows\System32\bcryptPrimitives.dll
0x00007ffd0fb90000 - 0x00007ffd0fbae000 	C:\Program Files\Eclipse Adoptium\jdk-25.0.3.9-hotspot\bin\java.dll
0x00007ffd232f0000 - 0x00007ffd2341b000 	C:\Windows\System32\ole32.dll
0x00007ffd24020000 - 0x00007ffd24373000 	C:\Windows\System32\combase.dll
0x00007ffd24680000 - 0x00007ffd24df0000 	C:\Windows\System32\SHELL32.dll
0x00007ffd20590000 - 0x00007ffd20d35000 	C:\Windows\SYSTEM32\windows.storage.dll
0x00007ffd22250000 - 0x00007ffd2227b000 	C:\Windows\SYSTEM32\Wldp.dll
0x00007ffd234d0000 - 0x00007ffd2359d000 	C:\Windows\System32\OLEAUT32.dll
0x00007ffd23420000 - 0x00007ffd234cd000 	C:\Windows\System32\SHCORE.dll
0x00007ffd23660000 - 0x00007ffd236bb000 	C:\Windows\System32\shlwapi.dll
0x00007ffd22820000 - 0x00007ffd22844000 	C:\Windows\SYSTEM32\profapi.dll
0x00007ffd08eb0000 - 0x00007ffd08ec1000 	C:\Program Files\Eclipse Adoptium\jdk-25.0.3.9-hotspot\bin\net.dll
0x00007ffd21fb0000 - 0x00007ffd2201a000 	C:\Windows\system32\mswsock.dll
0x00007ffd02ac0000 - 0x00007ffd02ad6000 	C:\Program Files\Eclipse Adoptium\jdk-25.0.3.9-hotspot\bin\nio.dll
0x00007ffd02490000 - 0x00007ffd024a6000 	C:\Program Files\Eclipse Adoptium\jdk-25.0.3.9-hotspot\bin\zip.dll
0x00007ffd1bf70000 - 0x00007ffd1bf7a000 	C:\Program Files\Eclipse Adoptium\jdk-25.0.3.9-hotspot\bin\management.dll
0x00007ffd14340000 - 0x00007ffd1434c000 	C:\Program Files\Eclipse Adoptium\jdk-25.0.3.9-hotspot\bin\management_ext.dll
0x00007ffd23710000 - 0x00007ffd23718000 	C:\Windows\System32\PSAPI.DLL
0x00007ffd14900000 - 0x00007ffd14910000 	C:\Program Files\Eclipse Adoptium\jdk-25.0.3.9-hotspot\bin\verify.dll

JVMTI agents: none

dbghelp: loaded successfully - version: 4.0.5 - missing functions: none
symbol engine: initialized successfully - sym options: 0x614 - pdb path: .;C:\Program Files\Eclipse Adoptium\jdk-25.0.3.9-hotspot\bin;C:\Windows\SYSTEM32;C:\Windows\WinSxS\amd64_microsoft.windows.common-controls_6595b64144ccf1df_6.0.19041.6280_none_60bc30a171f2f3f3;C:\Program Files\Eclipse Adoptium\jdk-25.0.3.9-hotspot\bin\server

VM Arguments:
java_command: org.jetbrains.kotlin.cli.jvm.K2JVMCompiler @C:\flutter\packages\flutter_tools\gradle\build\20260727_3151597216649399773.compiler.options
java_class_path (initial): C:\Users\Soumia\.gradle\caches\modules-2\files-2.1\org.jetbrains.kotlin\kotlin-compiler-embeddable\2.2.20\bb8331b7585e36ea311825b01a1c06860c055fd1\kotlin-compiler-embeddable-2.2.20.jar;C:\Users\Soumia\.gradle\caches\modules-2\files-2.1\org.jetbrains.kotlin\kotlin-stdlib\2.2.20\5380b19fa1924399b62ce3a1faffebb2b4f82272\kotlin-stdlib-2.2.20.jar;C:\Users\Soumia\.gradle\caches\modules-2\files-2.1\org.jetbrains.kotlin\kotlin-script-runtime\2.2.20\4c679cbeac0bb583b75c3a080013da8eaf240807\kotlin-script-runtime-2.2.20.jar;C:\Users\Soumia\.gradle\caches\modules-2\files-2.1\org.jetbrains.kotlin\kotlin-reflect\1.6.10\1cbe9c92c12a94eea200d23c2bbaedaf3daf5132\kotlin-reflect-1.6.10.jar;C:\Users\Soumia\.gradle\caches\modules-2\files-2.1\org.jetbrains.kotlin\kotlin-daemon-embeddable\2.2.20\feff12d48d7f1eb628742b0a721395e16f8755bf\kotlin-daemon-embeddable-2.2.20.jar;C:\Users\Soumia\.gradle\caches\modules-2\files-2.1\org.jetbrains.kotlinx\kotlinx-coroutines-core-jvm\1.8.0\ac1dc37a30a93150b704022f8d895ee1bd3a36b3\kotlinx-coroutines-core-jvm-1.8.0.jar;C:\Users\Soumia\.gradle\caches\modules-2\files-2.1\org.jetbrains\annotations\13.0\919f0dfe192fb4e063e7dacadee7f8bb9a2672a9\annotations-13.0.jar
Launcher Type: SUN_STANDARD

[Global flags]
     intx CICompilerCount                          = 2                                         {product} {ergonomic}
     uint ConcGCThreads                            = 1                                         {product} {ergonomic}
     uint G1ConcRefinementThreads                  = 2                                         {product} {ergonomic}
   size_t G1HeapRegionSize                         = 1048576                                   {product} {ergonomic}
   size_t InitialHeapSize                          = 65011712                                  {product} {ergonomic}
   size_t MarkStackSize                            = 4194304                                   {product} {ergonomic}
   size_t MarkStackSizeMax                         = 536870912                                 {product} {ergonomic}
   size_t MaxHeapSize                              = 1027604480                                {product} {ergonomic}
   size_t MaxNewSize                               = 616562688                                 {product} {ergonomic}
   size_t MinHeapDeltaBytes                        = 1048576                                   {product} {ergonomic}
   size_t MinHeapSize                              = 8388608                                   {product} {ergonomic}
    uintx NonNMethodCodeHeapSize                   = 5832704                                {pd product} {ergonomic}
    uintx NonProfiledCodeHeapSize                  = 122945536                              {pd product} {ergonomic}
    uintx ProfiledCodeHeapSize                     = 122945536                              {pd product} {ergonomic}
    uintx ReservedCodeCacheSize                    = 251723776                              {pd product} {ergonomic}
     bool SegmentedCodeCache                       = true                                      {product} {ergonomic}
   size_t SoftMaxHeapSize                          = 1027604480                             {manageable} {ergonomic}
     bool UseCompressedOops                        = true                           {product lp64_product} {ergonomic}
     bool UseG1GC                                  = true                                      {product} {ergonomic}
     bool UseLargePagesIndividualAllocation        = false                                  {pd product} {ergonomic}

Logging:
Log output configuration:
 #0: stdout all=warning uptime,level,tags foldmultilines=false
 #1: stderr all=off uptime,level,tags foldmultilines=false

Release file:
IMPLEMENTOR="Eclipse Adoptium" 
IMPLEMENTOR_VERSION="Temurin-25.0.3+9" 
JAVA_RUNTIME_VERSION="25.0.3+9-LTS" 
JAVA_VERSION="25.0.3" 
JAVA_VERSION_DATE="2026-04-21" 
LIBC="default" 
MODULES="java.base java.compiler java.datatransfer java.xml java.prefs java.desktop java.instrument java.logging java.management java.security.sasl java.naming java.rmi java.management.rmi java.net.http java.scripting java.security.jgss java.transaction.xa java.sql java.sql.rowset java.xml.crypto java.se java.smartcardio jdk.accessibility jdk.internal.jvmstat jdk.attach jdk.charsets jdk.internal.opt jdk.zipfs jdk.compiler jdk.crypto.cryptoki jdk.crypto.ec jdk.crypto.mscapi jdk.dynalink jdk.internal.ed jdk.editpad jdk.internal.vm.ci jdk.graal.compiler jdk.graal.compiler.management jdk.hotspot.agent jdk.httpserver jdk.incubator.vector jdk.internal.le jdk.internal.md jdk.jartool jdk.javadoc jdk.jcmd jdk.management jdk.management.agent jdk.jconsole jdk.jdeps jdk.jdwp.agent jdk.jdi jdk.jfr jdk.jlink jdk.jpackage jdk.jshell jdk.jsobject jdk.jstatd jdk.localedata jdk.management.jfr jdk.naming.dns jdk.naming.rmi jdk.net jdk.nio.mapmode jdk.sctp jdk.security.auth jdk.security.jgss jdk.unsupported jdk.unsupported.desktop jdk.xml.dom" 
OS_ARCH="x86_64" 
OS_NAME="Windows" 
SOURCE=".:git:cda0a1776184" 
BUILD_SOURCE="git:a612825ee82a20ac872d60958c349854c1f29a8e"
BUILD_SOURCE_REPO="https://github.com/adoptium/temurin-build.git"
SOURCE_REPO="https://github.com/adoptium/jdk25u.git"
FULL_VERSION="25.0.3+9-LTS"
SEMANTIC_VERSION="25.0.3+9"
BUILD_INFO="OS: Windows Server 2022 Version: 10.0"
JVM_VARIANT="Hotspot"
JVM_VERSION="25.0.3+9-LTS"
IMAGE_TYPE="JDK"

Environment Variables:
CLASSPATH=C:\Users\Soumia\Desktop\tasliha_express\android\\gradle\wrapper\gradle-wrapper.jar
PATH=C:\Program Files\Eclipse Adoptium\jdk-25.0.3.9-hotspot\bin;C:\Program Files\Eclipse Adoptium\jdk-25.0.3.9-hotspot\bin;C:\Windows\system32;C:\Windows;C:\Windows\System32\Wbem;C:\Windows\System32\WindowsPowerShell\v1.0\;C:\Windows\System32\OpenSSH\;C:\Program Files\dotnet\;C:\Program Files\Microsoft VS Code\bin;C:\Users\Soumia\AppData\Local\Microsoft\WindowsApps;C:\flutter\bin;;C:\flutter\bin\mingit\cmd
USERNAME=Soumia
LANG=en_US.UTF-8
OS=Windows_NT
PROCESSOR_IDENTIFIER=Intel64 Family 6 Model 122 Stepping 1, GenuineIntel
TMP=C:\Users\Soumia\AppData\Local\Temp
TEMP=C:\Users\Soumia\AppData\Local\Temp




Compilation memory statistics disabled.

Periodic native trim disabled

---------------  S Y S T E M  ---------------

OS:
 Windows 10 , 64 bit Build 19041 (10.0.19041.5915)
OS uptime: 0 days 0:37 hours

CPU: total 2 (initial active 2) (2 cores per cpu, 1 threads per core) family 6 model 122 stepping 1 microcode 0x32, cx8, cmov, fxsr, mmx, 3dnowpref, sse, sse2, sse3, ssse3, sse4.1, sse4.2, popcnt, tsc, tscinvbit, aes, erms, clmul, sha, clflush, clflushopt, rdtscp, rdpid
Processor Information for the first 2 processors :
  Max Mhz: 1101, Current Mhz: 1101, Mhz Limit: 1101

Memory: 4k page, system-wide physical 3919M (298M free)
TotalPageFile size 6053M (AvailPageFile size 37M)
current process WorkingSet (physical memory assigned to process): 253M, peak: 253M
current process commit charge ("private bytes"): 280M, peak: 326M

vm_info: OpenJDK 64-Bit Server VM (25.0.3+9-LTS) for windows-amd64 JRE (25.0.3+9-LTS), built on 2026-04-21T00:00:00Z with MS VC++ 17.12 (VS2022)

END.
